
PROGRAM "D:\Doutorado\myRTOS\HCS08_BRTOS\bin\Project.abs"

*********************************************************************************************
TARGET SECTION
---------------------------------------------------------------------------------------------
Processor   : Freescale HC08
Memory Model: SMALL
File Format : ELF\DWARF 2.0
Linker      : SmartLinker V-5.0.35 Build 8183, Jul  2 2008

*********************************************************************************************
FILE SECTION
---------------------------------------------------------------------------------------------
RTSHC08.C.o (ansiis.lib)                Model: SMALL,         Lang: ANSI-C
MC9S08AW60.C.o                          Model: SMALL,         Lang: ANSI-C
Start08.c.o                             Model: SMALL,         Lang: ANSI-C
MCUinit.c.o                             Model: SMALL,         Lang: ANSI-C
BRTOS.c.o                               Model: SMALL,         Lang: ANSI-C
event.c.o                               Model: SMALL,         Lang: ANSI-C
OS_RTC.c.o                              Model: SMALL,         Lang: ANSI-C
main.c.o                                Model: SMALL,         Lang: ANSI-C
HAL.c.o                                 Model: SMALL,         Lang: ANSI-C

*********************************************************************************************
STARTUP SECTION
---------------------------------------------------------------------------------------------
Entry point: 0x18DB (_Startup)
_startupData is allocated at 0x18E4 and uses 6 Bytes
extern struct _tagStartup {
  unsigned nofZeroOut     1
  _Range   pZeroOut       0x100     1297
  _Copy    *toCopyDownBeg 0x1F3F
} _startupData;

*********************************************************************************************
SECTION-ALLOCATION SECTION
Section Name                    Size  Type     From       To       Segment
---------------------------------------------------------------------------------------------
.data                              3   R/W      0x100      0x102   RAM
.init                            132     R     0x1860     0x18E3   ROM
.startData                        14     R     0x18E4     0x18F1   ROM
.rodata1                          58     R     0x18F2     0x192B   ROM
.text                           1555     R     0x192C     0x1F3E   ROM
.copy                              9     R     0x1F3F     0x1F47   ROM
.abs_section_0                     1   N/I        0x0        0x0   .absSeg0
.abs_section_1                     1   N/I        0x1        0x1   .absSeg1
.abs_section_2                     1   N/I        0x2        0x2   .absSeg2
.abs_section_3                     1   N/I        0x3        0x3   .absSeg3
.abs_section_4                     1   N/I        0x4        0x4   .absSeg4
.abs_section_5                     1   N/I        0x5        0x5   .absSeg5
.abs_section_6                     1   N/I        0x6        0x6   .absSeg6
.abs_section_7                     1   N/I        0x7        0x7   .absSeg7
.abs_section_8                     1   N/I        0x8        0x8   .absSeg8
.abs_section_9                     1   N/I        0x9        0x9   .absSeg9
.abs_section_a                     1   N/I        0xA        0xA   .absSeg10
.abs_section_b                     1   N/I        0xB        0xB   .absSeg11
.abs_section_c                     1   N/I        0xC        0xC   .absSeg12
.abs_section_d                     1   N/I        0xD        0xD   .absSeg13
.abs_section_10                    1   N/I       0x10       0x10   .absSeg14
.abs_section_11                    1   N/I       0x11       0x11   .absSeg15
.abs_section_16                    1   N/I       0x16       0x16   .absSeg16
.abs_section_17                    1   N/I       0x17       0x17   .absSeg17
.abs_section_18                    1   N/I       0x18       0x18   .absSeg18
.abs_section_19                    1   N/I       0x19       0x19   .absSeg19
.abs_section_1c                    1   N/I       0x1C       0x1C   .absSeg20
.abs_section_1e                    1   N/I       0x1E       0x1E   .absSeg21
.abs_section_1f                    1   N/I       0x1F       0x1F   .absSeg22
.abs_section_20                    1   N/I       0x20       0x20   .absSeg23
.abs_section_25                    1   N/I       0x25       0x25   .absSeg24
.abs_section_28                    1   N/I       0x28       0x28   .absSeg25
.abs_section_2b                    1   N/I       0x2B       0x2B   .absSeg26
.abs_section_2e                    1   N/I       0x2E       0x2E   .absSeg27
.abs_section_31                    1   N/I       0x31       0x31   .absSeg28
.abs_section_34                    1   N/I       0x34       0x34   .absSeg29
.abs_section_3a                    1   N/I       0x3A       0x3A   .absSeg30
.abs_section_3b                    1   N/I       0x3B       0x3B   .absSeg31
.abs_section_3c                    1   N/I       0x3C       0x3C   .absSeg32
.abs_section_3d                    1   N/I       0x3D       0x3D   .absSeg33
.abs_section_3e                    1   N/I       0x3E       0x3E   .absSeg34
.abs_section_3f                    1   N/I       0x3F       0x3F   .absSeg35
.abs_section_42                    1   N/I       0x42       0x42   .absSeg36
.abs_section_43                    1   N/I       0x43       0x43   .absSeg37
.abs_section_44                    1   N/I       0x44       0x44   .absSeg38
.abs_section_45                    1   N/I       0x45       0x45   .absSeg39
.abs_section_46                    1   N/I       0x46       0x46   .absSeg40
.abs_section_47                    1   N/I       0x47       0x47   .absSeg41
.abs_section_48                    1   N/I       0x48       0x48   .absSeg42
.abs_section_49                    1   N/I       0x49       0x49   .absSeg43
.abs_section_4a                    1   N/I       0x4A       0x4A   .absSeg44
.abs_section_4b                    1   N/I       0x4B       0x4B   .absSeg45
.abs_section_4e                    1   N/I       0x4E       0x4E   .absSeg46
.abs_section_50                    1   N/I       0x50       0x50   .absSeg47
.abs_section_51                    1   N/I       0x51       0x51   .absSeg48
.abs_section_52                    1   N/I       0x52       0x52   .absSeg49
.abs_section_53                    1   N/I       0x53       0x53   .absSeg50
.abs_section_55                    1   N/I       0x55       0x55   .absSeg51
.abs_section_58                    1   N/I       0x58       0x58   .absSeg52
.abs_section_59                    1   N/I       0x59       0x59   .absSeg53
.abs_section_5a                    1   N/I       0x5A       0x5A   .absSeg54
.abs_section_5b                    1   N/I       0x5B       0x5B   .absSeg55
.abs_section_5c                    1   N/I       0x5C       0x5C   .absSeg56
.abs_section_60                    1   N/I       0x60       0x60   .absSeg57
.abs_section_65                    1   N/I       0x65       0x65   .absSeg58
.abs_section_68                    1   N/I       0x68       0x68   .absSeg59
.abs_section_1800                  1   N/I     0x1800     0x1800   .absSeg60
.abs_section_1801                  1   N/I     0x1801     0x1801   .absSeg61
.abs_section_1802                  1   N/I     0x1802     0x1802   .absSeg62
.abs_section_1803                  1   N/I     0x1803     0x1803   .absSeg63
.abs_section_1808                  1   N/I     0x1808     0x1808   .absSeg64
.abs_section_1809                  1   N/I     0x1809     0x1809   .absSeg65
.abs_section_180a                  1   N/I     0x180A     0x180A   .absSeg66
.abs_section_1810                  1   N/I     0x1810     0x1810   .absSeg67
.abs_section_1811                  1   N/I     0x1811     0x1811   .absSeg68
.abs_section_1812                  1   N/I     0x1812     0x1812   .absSeg69
.abs_section_1813                  1   N/I     0x1813     0x1813   .absSeg70
.abs_section_1816                  1   N/I     0x1816     0x1816   .absSeg71
.abs_section_1817                  1   N/I     0x1817     0x1817   .absSeg72
.abs_section_1818                  1   N/I     0x1818     0x1818   .absSeg73
.abs_section_1820                  1   N/I     0x1820     0x1820   .absSeg74
.abs_section_1821                  1   N/I     0x1821     0x1821   .absSeg75
.abs_section_1823                  1   N/I     0x1823     0x1823   .absSeg76
.abs_section_1824                  1   N/I     0x1824     0x1824   .absSeg77
.abs_section_1825                  1   N/I     0x1825     0x1825   .absSeg78
.abs_section_1826                  1   N/I     0x1826     0x1826   .absSeg79
.abs_section_1840                  1   N/I     0x1840     0x1840   .absSeg80
.abs_section_1841                  1   N/I     0x1841     0x1841   .absSeg81
.abs_section_1842                  1   N/I     0x1842     0x1842   .absSeg82
.abs_section_1844                  1   N/I     0x1844     0x1844   .absSeg83
.abs_section_1845                  1   N/I     0x1845     0x1845   .absSeg84
.abs_section_1846                  1   N/I     0x1846     0x1846   .absSeg85
.abs_section_1848                  1   N/I     0x1848     0x1848   .absSeg86
.abs_section_1849                  1   N/I     0x1849     0x1849   .absSeg87
.abs_section_184a                  1   N/I     0x184A     0x184A   .absSeg88
.abs_section_184c                  1   N/I     0x184C     0x184C   .absSeg89
.abs_section_184d                  1   N/I     0x184D     0x184D   .absSeg90
.abs_section_184e                  1   N/I     0x184E     0x184E   .absSeg91
.abs_section_1850                  1   N/I     0x1850     0x1850   .absSeg92
.abs_section_1851                  1   N/I     0x1851     0x1851   .absSeg93
.abs_section_1852                  1   N/I     0x1852     0x1852   .absSeg94
.abs_section_1854                  1   N/I     0x1854     0x1854   .absSeg95
.abs_section_1855                  1   N/I     0x1855     0x1855   .absSeg96
.abs_section_1856                  1   N/I     0x1856     0x1856   .absSeg97
.abs_section_1858                  1   N/I     0x1858     0x1858   .absSeg98
.abs_section_1859                  1   N/I     0x1859     0x1859   .absSeg99
.abs_section_185a                  1   N/I     0x185A     0x185A   .absSeg100
.abs_section_12                    2   N/I       0x12       0x13   .absSeg101
.abs_section_14                    2   N/I       0x14       0x15   .absSeg102
.abs_section_21                    2   N/I       0x21       0x22   .absSeg103
.abs_section_23                    2   N/I       0x23       0x24   .absSeg104
.abs_section_26                    2   N/I       0x26       0x27   .absSeg105
.abs_section_29                    2   N/I       0x29       0x2A   .absSeg106
.abs_section_2c                    2   N/I       0x2C       0x2D   .absSeg107
.abs_section_2f                    2   N/I       0x2F       0x30   .absSeg108
.abs_section_32                    2   N/I       0x32       0x33   .absSeg109
.abs_section_35                    2   N/I       0x35       0x36   .absSeg110
.abs_section_38                    2   N/I       0x38       0x39   .absSeg111
.abs_section_40                    2   N/I       0x40       0x41   .absSeg112
.abs_section_4c                    2   N/I       0x4C       0x4D   .absSeg113
.abs_section_61                    2   N/I       0x61       0x62   .absSeg114
.abs_section_63                    2   N/I       0x63       0x64   .absSeg115
.abs_section_66                    2   N/I       0x66       0x67   .absSeg116
.abs_section_69                    2   N/I       0x69       0x6A   .absSeg117
.abs_section_1806                  2   N/I     0x1806     0x1807   .absSeg118
.abs_section_1814                  2   N/I     0x1814     0x1815   .absSeg119
.abs_section_ffbd                  1     R     0xFFBD     0xFFBD   .absSeg120
.abs_section_ffbf                  1     R     0xFFBF     0xFFBF   .absSeg121
.abs_section_ffcc                 52     R     0xFFCC     0xFFFF   .absSeg122
.bss                              15   R/W      0x103      0x111   RAM
.common                         1279   R/W      0x112      0x610   RAM
.stack                            80   R/W      0x611      0x660   RAM

Summary of section sizes per section type:
READ_ONLY (R):         71E (dec:     1822)
READ_WRITE (R/W):      561 (dec:     1377)
NO_INIT (N/I):          8B (dec:      139)

*********************************************************************************************
VECTOR-ALLOCATION SECTION
    Address     InitValue   InitFunction
---------------------------------------------------------------------------------------------

*********************************************************************************************
OBJECT-ALLOCATION SECTION
     Name               Module                 Addr   hSize   dSize     Ref    Section   RLIB
---------------------------------------------------------------------------------------------
MODULE:                 -- RTSHC08.C.o (ansiis.lib) --
- PROCEDURES:
     _PUSH_ARGS_L                              192C      20      32       2   .text       
     _ENTER_UNARY_L                            194C      29      41       1   .text       
     _ENTER_BINARY_L                           1975      16      22       2   .text       
     _ENTER_BINARY_L_RC                        198B      19      25       1   .text       
     _LAND_k_is_k_and_j                        19A4      1F      31       1   .text       
     _LOR_k_is_k_or_j                          19C3      1F      31       1   .text       
     _LCMP_k_rel_j                             19E2      1F      31       1   .text       
     _LAND                                     1A01       6       6       1   .text       
     _LOR                                      1A07       6       6       1   .text       
     _LLSL                                     1A0D      16      22       1   .text       
     _LCMP_RC                                  1A23       6       6       1   .text       
     _POP32                                    1A29      1A      26       2   .text       
- VARIABLES:
MODULE:                 -- MC9S08AW60.C.o --
- PROCEDURES:
- VARIABLES:
     _PTAD                                        0       1       1       5   .abs_section_0
     _PTADD                                       1       1       1       1   .abs_section_1
     _PTBD                                        2       1       1       0   .abs_section_2
     _PTBDD                                       3       1       1       0   .abs_section_3
     _PTCD                                        4       1       1       0   .abs_section_4
     _PTCDD                                       5       1       1       0   .abs_section_5
     _PTDD                                        6       1       1       0   .abs_section_6
     _PTDDD                                       7       1       1       0   .abs_section_7
     _PTED                                        8       1       1       0   .abs_section_8
     _PTEDD                                       9       1       1       0   .abs_section_9
     _PTFD                                        A       1       1       0   .abs_section_a
     _PTFDD                                       B       1       1       0   .abs_section_b
     _PTGD                                        C       1       1       0   .abs_section_c
     _PTGDD                                       D       1       1       0   .abs_section_d
     _ADC1SC1                                    10       1       1       0   .abs_section_10
     _ADC1SC2                                    11       1       1       0   .abs_section_11
     _ADC1CFG                                    16       1       1       0   .abs_section_16
     _APCTL1                                     17       1       1       0   .abs_section_17
     _APCTL2                                     18       1       1       0   .abs_section_18
     _APCTL3                                     19       1       1       0   .abs_section_19
     _IRQSC                                      1C       1       1       0   .abs_section_1c
     _KBI1SC                                     1E       1       1       0   .abs_section_1e
     _KBI1PE                                     1F       1       1       0   .abs_section_1f
     _TPM1SC                                     20       1       1       4   .abs_section_20
     _TPM1C0SC                                   25       1       1       0   .abs_section_25
     _TPM1C1SC                                   28       1       1       0   .abs_section_28
     _TPM1C2SC                                   2B       1       1       0   .abs_section_2b
     _TPM1C3SC                                   2E       1       1       0   .abs_section_2e
     _TPM1C4SC                                   31       1       1       0   .abs_section_31
     _TPM1C5SC                                   34       1       1       0   .abs_section_34
     _SCI1C1                                     3A       1       1       0   .abs_section_3a
     _SCI1C2                                     3B       1       1       0   .abs_section_3b
     _SCI1S1                                     3C       1       1       0   .abs_section_3c
     _SCI1S2                                     3D       1       1       0   .abs_section_3d
     _SCI1C3                                     3E       1       1       0   .abs_section_3e
     _SCI1D                                      3F       1       1       0   .abs_section_3f
     _SCI2C1                                     42       1       1       0   .abs_section_42
     _SCI2C2                                     43       1       1       0   .abs_section_43
     _SCI2S1                                     44       1       1       0   .abs_section_44
     _SCI2S2                                     45       1       1       0   .abs_section_45
     _SCI2C3                                     46       1       1       0   .abs_section_46
     _SCI2D                                      47       1       1       0   .abs_section_47
     _ICGC1                                      48       1       1       1   .abs_section_48
     _ICGC2                                      49       1       1       1   .abs_section_49
     _ICGS1                                      4A       1       1       1   .abs_section_4a
     _ICGS2                                      4B       1       1       0   .abs_section_4b
     _ICGTRM                                     4E       1       1       1   .abs_section_4e
     _SPI1C1                                     50       1       1       0   .abs_section_50
     _SPI1C2                                     51       1       1       0   .abs_section_51
     _SPI1BR                                     52       1       1       0   .abs_section_52
     _SPI1S                                      53       1       1       0   .abs_section_53
     _SPI1D                                      55       1       1       0   .abs_section_55
     _IIC1A                                      58       1       1       0   .abs_section_58
     _IIC1F                                      59       1       1       0   .abs_section_59
     _IIC1C                                      5A       1       1       0   .abs_section_5a
     _IIC1S                                      5B       1       1       0   .abs_section_5b
     _IIC1D                                      5C       1       1       0   .abs_section_5c
     _TPM2SC                                     60       1       1       0   .abs_section_60
     _TPM2C0SC                                   65       1       1       0   .abs_section_65
     _TPM2C1SC                                   68       1       1       0   .abs_section_68
     _SRS                                      1800       1       1       1   .abs_section_1800
     _SBDFR                                    1801       1       1       0   .abs_section_1801
     _SOPT                                     1802       1       1       1   .abs_section_1802
     _SMCLK                                    1803       1       1       1   .abs_section_1803
     _SRTISC                                   1808       1       1       0   .abs_section_1808
     _SPMSC1                                   1809       1       1       1   .abs_section_1809
     _SPMSC2                                   180A       1       1       1   .abs_section_180a
     _DBGCAH                                   1810       1       1       0   .abs_section_1810
     _DBGCAL                                   1811       1       1       0   .abs_section_1811
     _DBGCBH                                   1812       1       1       0   .abs_section_1812
     _DBGCBL                                   1813       1       1       0   .abs_section_1813
     _DBGC                                     1816       1       1       0   .abs_section_1816
     _DBGT                                     1817       1       1       0   .abs_section_1817
     _DBGS                                     1818       1       1       0   .abs_section_1818
     _FCDIV                                    1820       1       1       0   .abs_section_1820
     _FOPT                                     1821       1       1       0   .abs_section_1821
     _FCNFG                                    1823       1       1       0   .abs_section_1823
     _FPROT                                    1824       1       1       0   .abs_section_1824
     _FSTAT                                    1825       1       1       0   .abs_section_1825
     _FCMD                                     1826       1       1       0   .abs_section_1826
     _PTAPE                                    1840       1       1       0   .abs_section_1840
     _PTASE                                    1841       1       1       1   .abs_section_1841
     _PTADS                                    1842       1       1       1   .abs_section_1842
     _PTBPE                                    1844       1       1       0   .abs_section_1844
     _PTBSE                                    1845       1       1       1   .abs_section_1845
     _PTBDS                                    1846       1       1       1   .abs_section_1846
     _PTCPE                                    1848       1       1       0   .abs_section_1848
     _PTCSE                                    1849       1       1       1   .abs_section_1849
     _PTCDS                                    184A       1       1       1   .abs_section_184a
     _PTDPE                                    184C       1       1       0   .abs_section_184c
     _PTDSE                                    184D       1       1       1   .abs_section_184d
     _PTDDS                                    184E       1       1       1   .abs_section_184e
     _PTEPE                                    1850       1       1       0   .abs_section_1850
     _PTESE                                    1851       1       1       1   .abs_section_1851
     _PTEDS                                    1852       1       1       1   .abs_section_1852
     _PTFPE                                    1854       1       1       0   .abs_section_1854
     _PTFSE                                    1855       1       1       1   .abs_section_1855
     _PTFDS                                    1856       1       1       1   .abs_section_1856
     _PTGPE                                    1858       1       1       0   .abs_section_1858
     _PTGSE                                    1859       1       1       1   .abs_section_1859
     _PTGDS                                    185A       1       1       1   .abs_section_185a
     _ADC1R                                      12       2       2       0   .abs_section_12
     _ADC1CV                                     14       2       2       0   .abs_section_14
     _TPM1CNT                                    21       2       2       1   .abs_section_21
     _TPM1MOD                                    23       2       2       4   .abs_section_23
     _TPM1C0V                                    26       2       2       0   .abs_section_26
     _TPM1C1V                                    29       2       2       0   .abs_section_29
     _TPM1C2V                                    2C       2       2       0   .abs_section_2c
     _TPM1C3V                                    2F       2       2       0   .abs_section_2f
     _TPM1C4V                                    32       2       2       0   .abs_section_32
     _TPM1C5V                                    35       2       2       0   .abs_section_35
     _SCI1BD                                     38       2       2       0   .abs_section_38
     _SCI2BD                                     40       2       2       0   .abs_section_40
     _ICGFLT                                     4C       2       2       0   .abs_section_4c
     _TPM2CNT                                    61       2       2       0   .abs_section_61
     _TPM2MOD                                    63       2       2       0   .abs_section_63
     _TPM2C0V                                    66       2       2       0   .abs_section_66
     _TPM2C1V                                    69       2       2       0   .abs_section_69
     _SDID                                     1806       2       2       0   .abs_section_1806
     _DBGF                                     1814       2       2       0   .abs_section_1814
MODULE:                 -- Start08.c.o --
- PROCEDURES:
     loadByte                                  1860       E      14       5   .init       
     Init                                      186E      6D     109       1   .init       
     _Startup                                  18DB       9       9       1   .init       
- VARIABLES:
     _startupData                              18E4       6       6       4   .startData  
- LABELS:
     __SEG_END_SSTACK                           661       0       0       1               
MODULE:                 -- MCUinit.c.o --
- PROCEDURES:
     MCU_init                                  1A43      5B      91       1   .text       
     isrVicg                                   1A9E       1       1       1   .text       
- VARIABLES:
     NVPROT_INIT                               FFBD       1       1       0   .abs_section_ffbd
     NVOPT_INIT                                FFBF       1       1       0   .abs_section_ffbf
     _vect                                     FFCC      34      52       0   .abs_section_ffcc
MODULE:                 -- BRTOS.c.o --
- PROCEDURES:
     OSSchedule                                1A9F      78     120       2   .text       
     OS_INT_EXIT_CF                            1B17       D      13       1   .text       
     DelayTask                                 1B24      5E      94       4   .text       
     TickTimer                                 1B82      6A     106       1   .text       
     TaskStartScheduler                        1BEC      15      21       1   .text       
     PreInstallTasks                           1C01      38      56       1   .text       
     SwitchContext                             1C39      1B      27       1   .text       
- VARIABLES:
     StackAddress                               100       2       2      16   .data       
     maxPriority                                102       1       1       3   .data       
     iStackAddress                              103       2       2      15   .bss        
     TaskSelect                                 105       1       1       4   .bss        
     iLoop                                      106       1       1       8   .bss        
     OSDuty                                     107       2       2       1   .bss        
     OSDutyTmp                                  109       2       2       3   .bss        
     TaskAlloc                                  10B       4       4       4   .bss        
     OSWaitLimit                                10F       2       2       1   .bss        
     iNesting                                   111       1       1       6   .bss        
     STACK                                      112     400    1024       5   .common     
     PriorityVector                             512      20      32       5   .common     
     ContextTask                                532      48      72      25   .common     
     NumberOfInstalledTasks                     57A       1       1       2   .common     
     currentTask                                57B       1       1       6   .common     
     SPvalue                                    57C       2       2       7   .common     
     counter                                    57E       2       2       9   .common     
MODULE:                 -- event.c.o --
- PROCEDURES:
     initEvents                                1C54       7       7       1   .text       
- VARIABLES:
     OSEventFreeList                            580       2       2       1   .common     
     OSEventTbl                                 582      88     136       1   .common     
MODULE:                 -- OS_RTC.c.o --
- PROCEDURES:
     OSUpdateUptime                            1C5B      29      41       1   .text       
     OSResetTime                               1C84       8       8       1   .text       
- VARIABLES:
     Hora                                       60A       3       3       2   .common     
     Data                                       60D       4       4       1   .common     
MODULE:                 -- main.c.o --
- PROCEDURES:
     Task_1                                    1C8C      1B      27       1   .text       
     Task_2                                    1CA7       B      11       1   .text       
     Task_3                                    1CB2       E      14       1   .text       
     Task_4                                    1CC0       E      14       1   .text       
     main                                      1CCE      7F     127       1   .text       
- VARIABLES:
     STRING.System.Uptime.1                    18F2       E      14       1   .rodata1    
     STRING.Feed.WatchDog.2                    1900       E      14       1   .rodata1    
     STRING.Tarefa.Teste.1.3                   190E       F      15       1   .rodata1    
     STRING.Tarefa.Teste.2.4                   191D       F      15       1   .rodata1    
MODULE:                 -- HAL.c.o --
- PROCEDURES:
     TickTimerSetup                            1D4D      30      48       1   .text       
     Idle                                      1D7D       7       7       1   .text       
     InstallTask                               1D84     123     291       6   .text       
     InstallIdle                               1EA7      98     152       2   .text       
- VARIABLES:

*********************************************************************************************
MODULE STATISTIC
  Name                                      Data   Code  Const
---------------------------------------------------------------------------------------------
  RTSHC08.C.o (ansiis.lib)                     0    279      0
  MC9S08AW60.C.o                             139      0      0
  Start08.c.o                                  0    132      0
  MCUinit.c.o                                  0     92     54
  BRTOS.c.o                                 1152    437      0
  event.c.o                                  138      7      0
  OS_RTC.c.o                                   7     49      0
  main.c.o                                     0    193     58
  HAL.c.o                                      0    498      0
  other                                       80     14      9

*********************************************************************************************
SECTION USE IN OBJECT-ALLOCATION SECTION
---------------------------------------------------------------------------------------------
SECTION: ".text"
  _PUSH_ARGS_L _ENTER_UNARY_L _ENTER_BINARY_L _ENTER_BINARY_L_RC 
  _LAND_k_is_k_and_j _LOR_k_is_k_or_j _LCMP_k_rel_j _LAND _LOR _LLSL _LCMP_RC 
  _POP32 MCU_init isrVicg OSSchedule OS_INT_EXIT_CF DelayTask TickTimer 
  TaskStartScheduler PreInstallTasks SwitchContext initEvents OSUpdateUptime 
  OSResetTime Task_1 Task_2 Task_3 Task_4 main TickTimerSetup Idle InstallTask 
  InstallIdle 
SECTION: ".data"
  StackAddress maxPriority 
SECTION: ".bss"
  iStackAddress TaskSelect iLoop OSDuty OSDutyTmp TaskAlloc OSWaitLimit 
  iNesting 
SECTION: ".init"
  loadByte Init _Startup 
SECTION: ".rodata1"
  STRING.System.Uptime.1 STRING.Feed.WatchDog.2 STRING.Tarefa.Teste.1.3 
  STRING.Tarefa.Teste.2.4 
SECTION: ".common"
  STACK PriorityVector ContextTask NumberOfInstalledTasks currentTask SPvalue 
  counter OSEventFreeList OSEventTbl Hora Data 
SECTION: ".abs_section_0"
  _PTAD 
SECTION: ".abs_section_1"
  _PTADD 
SECTION: ".abs_section_2"
  _PTBD 
SECTION: ".abs_section_3"
  _PTBDD 
SECTION: ".abs_section_4"
  _PTCD 
SECTION: ".abs_section_5"
  _PTCDD 
SECTION: ".abs_section_6"
  _PTDD 
SECTION: ".abs_section_7"
  _PTDDD 
SECTION: ".abs_section_8"
  _PTED 
SECTION: ".abs_section_9"
  _PTEDD 
SECTION: ".abs_section_a"
  _PTFD 
SECTION: ".abs_section_b"
  _PTFDD 
SECTION: ".abs_section_c"
  _PTGD 
SECTION: ".abs_section_d"
  _PTGDD 
SECTION: ".abs_section_10"
  _ADC1SC1 
SECTION: ".abs_section_11"
  _ADC1SC2 
SECTION: ".abs_section_16"
  _ADC1CFG 
SECTION: ".abs_section_17"
  _APCTL1 
SECTION: ".abs_section_18"
  _APCTL2 
SECTION: ".abs_section_19"
  _APCTL3 
SECTION: ".abs_section_1c"
  _IRQSC 
SECTION: ".abs_section_1e"
  _KBI1SC 
SECTION: ".abs_section_1f"
  _KBI1PE 
SECTION: ".abs_section_20"
  _TPM1SC 
SECTION: ".abs_section_25"
  _TPM1C0SC 
SECTION: ".abs_section_28"
  _TPM1C1SC 
SECTION: ".abs_section_2b"
  _TPM1C2SC 
SECTION: ".abs_section_2e"
  _TPM1C3SC 
SECTION: ".abs_section_31"
  _TPM1C4SC 
SECTION: ".abs_section_34"
  _TPM1C5SC 
SECTION: ".abs_section_3a"
  _SCI1C1 
SECTION: ".abs_section_3b"
  _SCI1C2 
SECTION: ".abs_section_3c"
  _SCI1S1 
SECTION: ".abs_section_3d"
  _SCI1S2 
SECTION: ".abs_section_3e"
  _SCI1C3 
SECTION: ".abs_section_3f"
  _SCI1D 
SECTION: ".abs_section_42"
  _SCI2C1 
SECTION: ".abs_section_43"
  _SCI2C2 
SECTION: ".abs_section_44"
  _SCI2S1 
SECTION: ".abs_section_45"
  _SCI2S2 
SECTION: ".abs_section_46"
  _SCI2C3 
SECTION: ".abs_section_47"
  _SCI2D 
SECTION: ".abs_section_48"
  _ICGC1 
SECTION: ".abs_section_49"
  _ICGC2 
SECTION: ".abs_section_4a"
  _ICGS1 
SECTION: ".abs_section_4b"
  _ICGS2 
SECTION: ".abs_section_4e"
  _ICGTRM 
SECTION: ".abs_section_50"
  _SPI1C1 
SECTION: ".abs_section_51"
  _SPI1C2 
SECTION: ".abs_section_52"
  _SPI1BR 
SECTION: ".abs_section_53"
  _SPI1S 
SECTION: ".abs_section_55"
  _SPI1D 
SECTION: ".abs_section_58"
  _IIC1A 
SECTION: ".abs_section_59"
  _IIC1F 
SECTION: ".abs_section_5a"
  _IIC1C 
SECTION: ".abs_section_5b"
  _IIC1S 
SECTION: ".abs_section_5c"
  _IIC1D 
SECTION: ".abs_section_60"
  _TPM2SC 
SECTION: ".abs_section_65"
  _TPM2C0SC 
SECTION: ".abs_section_68"
  _TPM2C1SC 
SECTION: ".abs_section_1800"
  _SRS 
SECTION: ".abs_section_1801"
  _SBDFR 
SECTION: ".abs_section_1802"
  _SOPT 
SECTION: ".abs_section_1803"
  _SMCLK 
SECTION: ".abs_section_1808"
  _SRTISC 
SECTION: ".abs_section_1809"
  _SPMSC1 
SECTION: ".abs_section_180a"
  _SPMSC2 
SECTION: ".abs_section_1810"
  _DBGCAH 
SECTION: ".abs_section_1811"
  _DBGCAL 
SECTION: ".abs_section_1812"
  _DBGCBH 
SECTION: ".abs_section_1813"
  _DBGCBL 
SECTION: ".abs_section_1816"
  _DBGC 
SECTION: ".abs_section_1817"
  _DBGT 
SECTION: ".abs_section_1818"
  _DBGS 
SECTION: ".abs_section_1820"
  _FCDIV 
SECTION: ".abs_section_1821"
  _FOPT 
SECTION: ".abs_section_1823"
  _FCNFG 
SECTION: ".abs_section_1824"
  _FPROT 
SECTION: ".abs_section_1825"
  _FSTAT 
SECTION: ".abs_section_1826"
  _FCMD 
SECTION: ".abs_section_1840"
  _PTAPE 
SECTION: ".abs_section_1841"
  _PTASE 
SECTION: ".abs_section_1842"
  _PTADS 
SECTION: ".abs_section_1844"
  _PTBPE 
SECTION: ".abs_section_1845"
  _PTBSE 
SECTION: ".abs_section_1846"
  _PTBDS 
SECTION: ".abs_section_1848"
  _PTCPE 
SECTION: ".abs_section_1849"
  _PTCSE 
SECTION: ".abs_section_184a"
  _PTCDS 
SECTION: ".abs_section_184c"
  _PTDPE 
SECTION: ".abs_section_184d"
  _PTDSE 
SECTION: ".abs_section_184e"
  _PTDDS 
SECTION: ".abs_section_1850"
  _PTEPE 
SECTION: ".abs_section_1851"
  _PTESE 
SECTION: ".abs_section_1852"
  _PTEDS 
SECTION: ".abs_section_1854"
  _PTFPE 
SECTION: ".abs_section_1855"
  _PTFSE 
SECTION: ".abs_section_1856"
  _PTFDS 
SECTION: ".abs_section_1858"
  _PTGPE 
SECTION: ".abs_section_1859"
  _PTGSE 
SECTION: ".abs_section_185a"
  _PTGDS 
SECTION: ".abs_section_12"
  _ADC1R 
SECTION: ".abs_section_14"
  _ADC1CV 
SECTION: ".abs_section_21"
  _TPM1CNT 
SECTION: ".abs_section_23"
  _TPM1MOD 
SECTION: ".abs_section_26"
  _TPM1C0V 
SECTION: ".abs_section_29"
  _TPM1C1V 
SECTION: ".abs_section_2c"
  _TPM1C2V 
SECTION: ".abs_section_2f"
  _TPM1C3V 
SECTION: ".abs_section_32"
  _TPM1C4V 
SECTION: ".abs_section_35"
  _TPM1C5V 
SECTION: ".abs_section_38"
  _SCI1BD 
SECTION: ".abs_section_40"
  _SCI2BD 
SECTION: ".abs_section_4c"
  _ICGFLT 
SECTION: ".abs_section_61"
  _TPM2CNT 
SECTION: ".abs_section_63"
  _TPM2MOD 
SECTION: ".abs_section_66"
  _TPM2C0V 
SECTION: ".abs_section_69"
  _TPM2C1V 
SECTION: ".abs_section_1806"
  _SDID 
SECTION: ".abs_section_1814"
  _DBGF 
SECTION: ".abs_section_ffbd"
  NVPROT_INIT 
SECTION: ".abs_section_ffbf"
  NVOPT_INIT 
SECTION: ".abs_section_ffcc"
  _vect 

*********************************************************************************************
OBJECT LIST SORTED BY ADDRESS
     Name                                      Addr   hSize   dSize     Ref    Section   RLIB
---------------------------------------------------------------------------------------------
     _PTAD                                        0       1       1       5   .abs_section_0
     _PTADD                                       1       1       1       1   .abs_section_1
     _PTBD                                        2       1       1       0   .abs_section_2
     _PTBDD                                       3       1       1       0   .abs_section_3
     _PTCD                                        4       1       1       0   .abs_section_4
     _PTCDD                                       5       1       1       0   .abs_section_5
     _PTDD                                        6       1       1       0   .abs_section_6
     _PTDDD                                       7       1       1       0   .abs_section_7
     _PTED                                        8       1       1       0   .abs_section_8
     _PTEDD                                       9       1       1       0   .abs_section_9
     _PTFD                                        A       1       1       0   .abs_section_a
     _PTFDD                                       B       1       1       0   .abs_section_b
     _PTGD                                        C       1       1       0   .abs_section_c
     _PTGDD                                       D       1       1       0   .abs_section_d
     _ADC1SC1                                    10       1       1       0   .abs_section_10
     _ADC1SC2                                    11       1       1       0   .abs_section_11
     _ADC1R                                      12       2       2       0   .abs_section_12
     _ADC1CV                                     14       2       2       0   .abs_section_14
     _ADC1CFG                                    16       1       1       0   .abs_section_16
     _APCTL1                                     17       1       1       0   .abs_section_17
     _APCTL2                                     18       1       1       0   .abs_section_18
     _APCTL3                                     19       1       1       0   .abs_section_19
     _IRQSC                                      1C       1       1       0   .abs_section_1c
     _KBI1SC                                     1E       1       1       0   .abs_section_1e
     _KBI1PE                                     1F       1       1       0   .abs_section_1f
     _TPM1SC                                     20       1       1       4   .abs_section_20
     _TPM1CNT                                    21       2       2       1   .abs_section_21
     _TPM1MOD                                    23       2       2       4   .abs_section_23
     _TPM1C0SC                                   25       1       1       0   .abs_section_25
     _TPM1C0V                                    26       2       2       0   .abs_section_26
     _TPM1C1SC                                   28       1       1       0   .abs_section_28
     _TPM1C1V                                    29       2       2       0   .abs_section_29
     _TPM1C2SC                                   2B       1       1       0   .abs_section_2b
     _TPM1C2V                                    2C       2       2       0   .abs_section_2c
     _TPM1C3SC                                   2E       1       1       0   .abs_section_2e
     _TPM1C3V                                    2F       2       2       0   .abs_section_2f
     _TPM1C4SC                                   31       1       1       0   .abs_section_31
     _TPM1C4V                                    32       2       2       0   .abs_section_32
     _TPM1C5SC                                   34       1       1       0   .abs_section_34
     _TPM1C5V                                    35       2       2       0   .abs_section_35
     _SCI1BD                                     38       2       2       0   .abs_section_38
     _SCI1C1                                     3A       1       1       0   .abs_section_3a
     _SCI1C2                                     3B       1       1       0   .abs_section_3b
     _SCI1S1                                     3C       1       1       0   .abs_section_3c
     _SCI1S2                                     3D       1       1       0   .abs_section_3d
     _SCI1C3                                     3E       1       1       0   .abs_section_3e
     _SCI1D                                      3F       1       1       0   .abs_section_3f
     _SCI2BD                                     40       2       2       0   .abs_section_40
     _SCI2C1                                     42       1       1       0   .abs_section_42
     _SCI2C2                                     43       1       1       0   .abs_section_43
     _SCI2S1                                     44       1       1       0   .abs_section_44
     _SCI2S2                                     45       1       1       0   .abs_section_45
     _SCI2C3                                     46       1       1       0   .abs_section_46
     _SCI2D                                      47       1       1       0   .abs_section_47
     _ICGC1                                      48       1       1       1   .abs_section_48
     _ICGC2                                      49       1       1       1   .abs_section_49
     _ICGS1                                      4A       1       1       1   .abs_section_4a
     _ICGS2                                      4B       1       1       0   .abs_section_4b
     _ICGFLT                                     4C       2       2       0   .abs_section_4c
     _ICGTRM                                     4E       1       1       1   .abs_section_4e
     _SPI1C1                                     50       1       1       0   .abs_section_50
     _SPI1C2                                     51       1       1       0   .abs_section_51
     _SPI1BR                                     52       1       1       0   .abs_section_52
     _SPI1S                                      53       1       1       0   .abs_section_53
     _SPI1D                                      55       1       1       0   .abs_section_55
     _IIC1A                                      58       1       1       0   .abs_section_58
     _IIC1F                                      59       1       1       0   .abs_section_59
     _IIC1C                                      5A       1       1       0   .abs_section_5a
     _IIC1S                                      5B       1       1       0   .abs_section_5b
     _IIC1D                                      5C       1       1       0   .abs_section_5c
     _TPM2SC                                     60       1       1       0   .abs_section_60
     _TPM2CNT                                    61       2       2       0   .abs_section_61
     _TPM2MOD                                    63       2       2       0   .abs_section_63
     _TPM2C0SC                                   65       1       1       0   .abs_section_65
     _TPM2C0V                                    66       2       2       0   .abs_section_66
     _TPM2C1SC                                   68       1       1       0   .abs_section_68
     _TPM2C1V                                    69       2       2       0   .abs_section_69
     StackAddress                               100       2       2      16   .data       
     maxPriority                                102       1       1       3   .data       
     iStackAddress                              103       2       2      15   .bss        
     TaskSelect                                 105       1       1       4   .bss        
     iLoop                                      106       1       1       8   .bss        
     OSDuty                                     107       2       2       1   .bss        
     OSDutyTmp                                  109       2       2       3   .bss        
     TaskAlloc                                  10B       4       4       4   .bss        
     OSWaitLimit                                10F       2       2       1   .bss        
     iNesting                                   111       1       1       6   .bss        
     STACK                                      112     400    1024       5   .common     
     PriorityVector                             512      20      32       5   .common     
     ContextTask                                532      48      72      25   .common     
     NumberOfInstalledTasks                     57A       1       1       2   .common     
     currentTask                                57B       1       1       6   .common     
     SPvalue                                    57C       2       2       7   .common     
     counter                                    57E       2       2       9   .common     
     OSEventFreeList                            580       2       2       1   .common     
     OSEventTbl                                 582      88     136       1   .common     
     Hora                                       60A       3       3       2   .common     
     Data                                       60D       4       4       1   .common     
     _SRS                                      1800       1       1       1   .abs_section_1800
     _SBDFR                                    1801       1       1       0   .abs_section_1801
     _SOPT                                     1802       1       1       1   .abs_section_1802
     _SMCLK                                    1803       1       1       1   .abs_section_1803
     _SDID                                     1806       2       2       0   .abs_section_1806
     _SRTISC                                   1808       1       1       0   .abs_section_1808
     _SPMSC1                                   1809       1       1       1   .abs_section_1809
     _SPMSC2                                   180A       1       1       1   .abs_section_180a
     _DBGCAH                                   1810       1       1       0   .abs_section_1810
     _DBGCAL                                   1811       1       1       0   .abs_section_1811
     _DBGCBH                                   1812       1       1       0   .abs_section_1812
     _DBGCBL                                   1813       1       1       0   .abs_section_1813
     _DBGF                                     1814       2       2       0   .abs_section_1814
     _DBGC                                     1816       1       1       0   .abs_section_1816
     _DBGT                                     1817       1       1       0   .abs_section_1817
     _DBGS                                     1818       1       1       0   .abs_section_1818
     _FCDIV                                    1820       1       1       0   .abs_section_1820
     _FOPT                                     1821       1       1       0   .abs_section_1821
     _FCNFG                                    1823       1       1       0   .abs_section_1823
     _FPROT                                    1824       1       1       0   .abs_section_1824
     _FSTAT                                    1825       1       1       0   .abs_section_1825
     _FCMD                                     1826       1       1       0   .abs_section_1826
     _PTAPE                                    1840       1       1       0   .abs_section_1840
     _PTASE                                    1841       1       1       1   .abs_section_1841
     _PTADS                                    1842       1       1       1   .abs_section_1842
     _PTBPE                                    1844       1       1       0   .abs_section_1844
     _PTBSE                                    1845       1       1       1   .abs_section_1845
     _PTBDS                                    1846       1       1       1   .abs_section_1846
     _PTCPE                                    1848       1       1       0   .abs_section_1848
     _PTCSE                                    1849       1       1       1   .abs_section_1849
     _PTCDS                                    184A       1       1       1   .abs_section_184a
     _PTDPE                                    184C       1       1       0   .abs_section_184c
     _PTDSE                                    184D       1       1       1   .abs_section_184d
     _PTDDS                                    184E       1       1       1   .abs_section_184e
     _PTEPE                                    1850       1       1       0   .abs_section_1850
     _PTESE                                    1851       1       1       1   .abs_section_1851
     _PTEDS                                    1852       1       1       1   .abs_section_1852
     _PTFPE                                    1854       1       1       0   .abs_section_1854
     _PTFSE                                    1855       1       1       1   .abs_section_1855
     _PTFDS                                    1856       1       1       1   .abs_section_1856
     _PTGPE                                    1858       1       1       0   .abs_section_1858
     _PTGSE                                    1859       1       1       1   .abs_section_1859
     _PTGDS                                    185A       1       1       1   .abs_section_185a
     loadByte                                  1860       E      14       5   .init       
     Init                                      186E      6D     109       1   .init       
     _Startup                                  18DB       9       9       1   .init       
     STRING.System.Uptime.1                    18F2       E      14       1   .rodata1    
     STRING.Feed.WatchDog.2                    1900       E      14       1   .rodata1    
     STRING.Tarefa.Teste.1.3                   190E       F      15       1   .rodata1    
     STRING.Tarefa.Teste.2.4                   191D       F      15       1   .rodata1    
     _PUSH_ARGS_L                              192C      20      32       2   .text       
     _ENTER_UNARY_L                            194C      29      41       1   .text       
     _ENTER_BINARY_L                           1975      16      22       2   .text       
     _ENTER_BINARY_L_RC                        198B      19      25       1   .text       
     _LAND_k_is_k_and_j                        19A4      1F      31       1   .text       
     _LOR_k_is_k_or_j                          19C3      1F      31       1   .text       
     _LCMP_k_rel_j                             19E2      1F      31       1   .text       
     _LAND                                     1A01       6       6       1   .text       
     _LOR                                      1A07       6       6       1   .text       
     _LLSL                                     1A0D      16      22       1   .text       
     _LCMP_RC                                  1A23       6       6       1   .text       
     _POP32                                    1A29      1A      26       2   .text       
     MCU_init                                  1A43      5B      91       1   .text       
     isrVicg                                   1A9E       1       1       1   .text       
     OSSchedule                                1A9F      78     120       2   .text       
     OS_INT_EXIT_CF                            1B17       D      13       1   .text       
     DelayTask                                 1B24      5E      94       4   .text       
     TickTimer                                 1B82      6A     106       1   .text       
     TaskStartScheduler                        1BEC      15      21       1   .text       
     PreInstallTasks                           1C01      38      56       1   .text       
     SwitchContext                             1C39      1B      27       1   .text       
     initEvents                                1C54       7       7       1   .text       
     OSUpdateUptime                            1C5B      29      41       1   .text       
     OSResetTime                               1C84       8       8       1   .text       
     Task_1                                    1C8C      1B      27       1   .text       
     Task_2                                    1CA7       B      11       1   .text       
     Task_3                                    1CB2       E      14       1   .text       
     Task_4                                    1CC0       E      14       1   .text       
     main                                      1CCE      7F     127       1   .text       
     TickTimerSetup                            1D4D      30      48       1   .text       
     Idle                                      1D7D       7       7       1   .text       
     InstallTask                               1D84     123     291       6   .text       
     InstallIdle                               1EA7      98     152       2   .text       
     NVPROT_INIT                               FFBD       1       1       0   .abs_section_ffbd
     NVOPT_INIT                                FFBF       1       1       0   .abs_section_ffbf
     _vect                                     FFCC      34      52       0   .abs_section_ffcc

*********************************************************************************************
UNUSED-OBJECTS SECTION
---------------------------------------------------------------------------------------------
NOT USED PROCEDURES
RTSHC08.C.o (ansiis.lib):
  _PUSH_ARGS_D _ENTER_UNARY_L64 _ENTER_UNARY_L64_4 _ENTER_BINARY_L_LC 
  _ENTER_BINARY_L64 _ENTER_BINARY_L64_LC _ENTER_BINARY_L64_RC _IDIVMOD 
  _SPLITSIGN _LADD_k_is_k_plus_j _k_is_k_plus_j_l _k_is_k_plus_j_i 
  _LSUB_k_is_k_minus_j _LXOR_k_is_k_xor_j _LMUL_k_is_k_mul_j _LDIVMOD _NEG_L_HX 
  _ABS_L_HX _SPLITSIGN_L _LMODU_k_is_k_mod_j _LDIVU_k_is_k_div_j 
  _LMODS_k_is_k_mod_j _LDIVS_k_is_k_div_j _CMP24_k_rel_j _BMULS _BDIVS _BMODS 
  _IMUL_STAR08 _IDIVS_STAR08 _IDIVU_STAR08 _IMODS_STAR08 _IMODU_STAR08 _IDIVU_8 
  _IMODU_8 _IASR _ILSR _ILSL _ICMP _LINC _LDEC _LNEG _LNOT _LADD _LADD_RC _LSUB 
  _LSUB_LC _LSUB_RC _LAND_RC _LOR_RC _LXOR _LXOR_RC _LMUL _LMUL_RC _LDIVS 
  _LDIVS_LC _LDIVS_RC _LDIVU _LDIVU_LC _LDIVU_RC _LMODS _LMODS_LC _LMODS_RC 
  _LMODU _LMODU_LC _LMODU_RC _LASR _LLSR _LCMP _PUSH_ARGS_24 
  _ENTER_BINARY_24_RC _ENTER_BINARY_24 _CMP24 _CMP24_RC _COPY _COPY_L _POP64 
  _STORE32 _STORE64 _SEXT8_32 _SEXT16_32 _CALL_STAR08 _CALL_STAR08_FAR 
  _Jump_Table_Addr _Jump_Table_Offset _Jump_Table_Header_Addr 
  _Jump_Table_Header_Offset _Search_Table_16_Addr _Search_Table_16_Offset 
  _Search_Table_8_Addr _Search_Table_8_Offset _PUSH_CC _POP_CC 
  _CONV_FAR_TO_NEAR _CONV_FAR_TO_LINEAR _CONV_LINEAR_TO_FAR 
MCUinit.c.o:
  isrVswi 
BRTOS.c.o:
  DelayTaskHMSM 
OS_RTC.c.o:
  OSUpdateTime OSUpdateDate OSResetDate OSUptime OSUpDate 
NOT USED VARIABLES
RTSHC08.C.o (ansiis.lib):
  _PowOfTwo_8 _PowOfTwo_16 _PowOfTwo_32 errno 
BRTOS.c.o:
  STRING.BRTOS.Ver..0.9.1 version 
event.c.o:
  iOS_Event iOS_Q 

*********************************************************************************************
COPYDOWN SECTION
---------------------------------------------------------------------------------------------
------- ROM-ADDRESS: 0x1F3F ---- SIZE       4 ---
Filling bytes inserted
 00030100
------- ROM-ADDRESS: 0x1F43 ---- RAM-ADDRESS: 0x100 ---- SIZE       2 ---
Name of initialized Object : StackAddress
 0112
------- ROM-ADDRESS: 0x1F45 ---- RAM-ADDRESS: 0x102 ---- SIZE       1 ---
Name of initialized Object : maxPriority
 1F
------- ROM-ADDRESS: 0x1F46 ---- SIZE       2 ---
Filling bytes inserted
 0000

*********************************************************************************************
OBJECT-DEPENDENCIES SECTION
---------------------------------------------------------------------------------------------
StackAddress              USES STACK 
Init                      USES _startupData loadByte 
_Startup                  USES __SEG_END_SSTACK Init main 
_ENTER_BINARY_L           USES _PUSH_ARGS_L 
_ENTER_BINARY_L_RC        USES _PUSH_ARGS_L 
_LAND                     USES _ENTER_BINARY_L _LAND_k_is_k_and_j 
_LOR                      USES _ENTER_BINARY_L _LOR_k_is_k_or_j 
_LLSL                     USES _ENTER_UNARY_L 
_LCMP_RC                  USES _ENTER_BINARY_L_RC _LCMP_k_rel_j 
MCU_init                  USES _SOPT _SPMSC1 _SPMSC2 _SMCLK _ICGC1 _ICGC2 
                                _ICGTRM _ICGS1 _PTASE _PTBSE _PTCSE _PTDSE _PTESE 
                                _PTFSE _PTGSE _PTADS _PTBDS _PTCDS _PTDDS _PTEDS 
                                _PTFDS _PTGDS 
OSSchedule                USES maxPriority iLoop PriorityVector TaskSelect 
                                ContextTask currentTask SPvalue 
OS_INT_EXIT_CF            USES iNesting OSSchedule 
DelayTask                 USES counter currentTask ContextTask 
TickTimer                 USES iNesting SPvalue _TPM1SC OSDutyTmp OSDuty 
                                _TPM1MOD counter iLoop ContextTask OS_INT_EXIT_CF 
TaskStartScheduler        USES Idle InstallIdle 
PreInstallTasks           USES counter currentTask NumberOfInstalledTasks 
                                TaskAlloc iStackAddress PriorityVector 
SwitchContext             USES iNesting SPvalue OSSchedule 
initEvents                USES OSEventTbl OSEventFreeList 
Task_1                    USES Hora OSResetTime Data OSUpdateUptime DelayTask 
Task_2                    USES _SRS DelayTask 
Task_3                    USES _PTAD DelayTask 
Task_4                    USES _PTAD DelayTask 
main                      USES MCU_init initEvents TickTimerSetup 
                                PreInstallTasks _PTAD _PTADD Task_1 STRING.System.Uptime.1 
                                InstallTask Task_2 STRING.Feed.WatchDog.2 Task_3 
                                STRING.Tarefa.Teste.1.3 Task_4 STRING.Tarefa.Teste.2.4 
                                TaskStartScheduler 
TickTimerSetup            USES _TPM1SC _TPM1MOD OSWaitLimit 
Idle                      USES _TPM1CNT OSDutyTmp 
InstallTask               USES InstallTask iStackAddress PriorityVector 
                                NumberOfInstalledTasks _LLSL _POP32 TaskAlloc _LAND _LCMP_RC _LOR 
                                StackAddress ContextTask maxPriority STACK 
InstallIdle               USES InstallIdle iStackAddress StackAddress 
                                ContextTask PriorityVector STACK 
_vect                     USES TickTimer isrVicg SwitchContext _Startup 

*********************************************************************************************
DEPENDENCY TREE
*********************************************************************************************
 main and _Startup Group
 | 
 +- main                
 |  | 
 |  +- MCU_init            
 |  |    
 |  +- initEvents          
 |  |    
 |  +- TickTimerSetup      
 |  |    
 |  +- PreInstallTasks     
 |  |    
 |  +- Task_1              
 |  |  | 
 |  |  +- OSResetTime         
 |  |  |    
 |  |  +- OSUpdateUptime      
 |  |  |    
 |  |  +- DelayTask           
 |  |       
 |  +- InstallTask         
 |  |  | 
 |  |  +- _LLSL               
 |  |  |  | 
 |  |  |  +- _ENTER_UNARY_L      
 |  |  |       
 |  |  +- _POP32              
 |  |  |    
 |  |  +- _LAND               
 |  |  |  | 
 |  |  |  +- _ENTER_BINARY_L     
 |  |  |  |  | 
 |  |  |  |  +- _PUSH_ARGS_L        
 |  |  |  |       
 |  |  |  +- _LAND_k_is_k_and_j  
 |  |  |       
 |  |  +- _LCMP_RC            
 |  |  |  | 
 |  |  |  +- _ENTER_BINARY_L_RC  
 |  |  |  |  | 
 |  |  |  |  +- _PUSH_ARGS_L         (see above)
 |  |  |  |     
 |  |  |  +- _LCMP_k_rel_j       
 |  |  |       
 |  |  +- _LOR                
 |  |     | 
 |  |     +- _ENTER_BINARY_L      (see above)
 |  |     |  
 |  |     +- _LOR_k_is_k_or_j    
 |  |          
 |  +- Task_2              
 |  |  | 
 |  |  +- DelayTask            (see above)
 |  |     
 |  +- Task_3              
 |  |  | 
 |  |  +- DelayTask            (see above)
 |  |     
 |  +- Task_4              
 |  |  | 
 |  |  +- DelayTask            (see above)
 |  |     
 |  +- TaskStartScheduler  
 |     | 
 |     +- Idle                
 |     |    
 |     +- InstallIdle         
 |          
 +- _Startup            
    | 
    +- Init                
    |  | 
    |  +- loadByte            
    |       
    +- main                 (see above)
       
 _vect               
 | 
 +- TickTimer           
 |  | 
 |  +- OS_INT_EXIT_CF      
 |     | 
 |     +- OSSchedule          
 |          
 +- isrVicg             
 |    
 +- SwitchContext       
 |  | 
 |  +- OSSchedule           (see above)
 |     
 +- _Startup             (see above)
    
*********************************************************************************************
STATISTIC SECTION
---------------------------------------------------------------------------------------------

ExeFile:
--------
Number of blocks to be downloaded: 7
Total size of all blocks to be downloaded: 1822

