******************************************************************************
       MSP430 Evaluation Linker PC v3.3.0                      
******************************************************************************
>> Linked Fri Oct 22 14:28:56 2010

OUTPUT FILE NAME:   <BRTOS_V1P4_MSP430_PORT.out>
ENTRY POINT SYMBOL: "_c_int00"  address: 0000a116


MEMORY CONFIGURATION

         name            origin    length      used     unused   attr    fill
----------------------  --------  ---------  --------  --------  ----  --------
  SFR                   00000000   00000010  00000000  00000010  RWIX
  PERIPHERALS_8BIT      00000010   000000f0  00000000  000000f0  RWIX
  PERIPHERALS_16BIT     00000100   00000100  00000000  00000100  RWIX
  RAM                   00000200   00000400  00000400  00000000  RWIX
  INFOD                 00001000   00000040  00000000  00000040  RWIX
  INFOC                 00001040   00000040  00000000  00000040  RWIX
  INFOB                 00001080   00000040  00000000  00000040  RWIX
  INFOA                 000010c0   00000040  00000000  00000040  RWIX
  FLASH                 00008000   00007fde  0000243a  00005ba4  RWIX
  INT00                 0000ffe0   00000002  00000000  00000002  RWIX
  INT01                 0000ffe2   00000002  00000000  00000002  RWIX
  INT02                 0000ffe4   00000002  00000000  00000002  RWIX
  INT03                 0000ffe6   00000002  00000000  00000002  RWIX
  INT04                 0000ffe8   00000002  00000000  00000002  RWIX
  INT05                 0000ffea   00000002  00000000  00000002  RWIX
  INT06                 0000ffec   00000002  00000000  00000002  RWIX
  INT07                 0000ffee   00000002  00000002  00000000  RWIX
  INT08                 0000fff0   00000002  00000000  00000002  RWIX
  INT09                 0000fff2   00000002  00000002  00000000  RWIX
  INT10                 0000fff4   00000002  00000000  00000002  RWIX
  INT11                 0000fff6   00000002  00000000  00000002  RWIX
  INT12                 0000fff8   00000002  00000000  00000002  RWIX
  INT13                 0000fffa   00000002  00000000  00000002  RWIX
  INT14                 0000fffc   00000002  00000000  00000002  RWIX
  RESET                 0000fffe   00000002  00000002  00000000  RWIX


SECTION ALLOCATION MAP

 output                                  attributes/
section   page    origin      length       input sections
--------  ----  ----------  ----------   ----------------
.pinit     0    00008000    00000000     UNINITIALIZED

.bss       0    00000200    000003d8     UNINITIALIZED
                  00000200    0000032e     BRTOS.obj (.bss)
                  0000052e    00000058     event.obj (.bss)
                  00000586    00000029     debug_stack.obj (.bss)
                  000005af    00000001     HAL.obj (.bss)
                  000005b0    00000012     main.obj (.bss)
                  000005c2    00000008     OS_RTC.obj (.bss)
                  000005ca    00000005     drivers.obj (.bss)
                  000005cf    00000001     --HOLE--
                  000005d0    00000004     rts430.lib : _lock.obj (.bss)
                  000005d4    00000004                : boot.obj (.bss)

.stack     0    000005d8    00000028     UNINITIALIZED
                  000005d8    00000002     rts430.lib : boot.obj (.stack)
                  000005da    00000026     --HOLE--

.text      0    00008000    0000229c     
                  00008000    00000302     HAL.obj (.text:InstallTask)
                  00008302    0000026e     debug_stack.obj (.text:Transmite_Task_Stacks)
                  00008570    00000232     HAL.obj (.text:InstallIdle)
                  000087a2    00000200     queue.obj (.text:OSQueuePend)
                  000089a2    000001c0     debug_stack.obj (.text:Send_OSTrace)
                  00008b62    00000192     semaphore.obj (.text:OSSemPend)
                  00008cf4    0000017e     debug_stack.obj (.text:Transmite_RAM_Ocupada)
                  00008e72    00000164     debug_stack.obj (.text:Transmite_Uptime)
                  00008fd6    00000146     mutex.obj (.text:OSMutexAcquire)
                  0000911c    000000fc     queue.obj (.text:OSQueueCreate)
                  00009218    000000f8     BRTOS.obj (.text:SAScheduler)
                  00009310    000000ee     tasks.obj (.text:Task_Serial)
                  000093fe    000000ea     mutex.obj (.text:OSMutexRelease)
                  000094e8    000000e8     debug_stack.obj (.text:Transmite_CPU_Load)
                  000095d0    000000e4     queue.obj (.text:OSQueuePost)
                  000096b4    000000ce     mutex.obj (.text:OSMutexCreate)
                  00009782    000000c6     BRTOS.obj (.text:OSTimerWakeUp)
                  00009848    000000bc     main.obj (.text:main)
                  00009904    000000b0     BRTOS.obj (.text:TickTimer)
                  000099b4    000000aa     semaphore.obj (.text:OSSemCreate)
                  00009a5e    000000a8     BRTOS.obj (.text:DelayTask)
                  00009b06    000000a2     semaphore.obj (.text:OSSemPost)
                  00009ba8    00000090     event.obj (.text:initEvents)
                  00009c38    0000006a     drivers.obj (.text:USCI0RX_ISR)
                  00009ca2    00000060     OS_RTC.obj (.text:OSUpdateUptime)
                  00009d02    0000005c     rts430.lib : lsr32.obj (.text:l_lsr_const)
                  00009d5e    00000058                : div32u.obj (.text)
                  00009db6    00000052     BRTOS.obj (.text:SwitchContext)
                  00009e08    0000004e     BRTOS.obj (.text:OSSchedule)
                  00009e56    0000004a     BRTOS.obj (.text:PreInstallTasks)
                  00009ea0    00000046     rts430.lib : autoinit.obj (.text:_auto_init)
                  00009ee6    00000040     tasks.obj (.text:System_Time)
                  00009f26    00000040     mcu_init.obj (.text:mcu_init)
                  00009f66    0000003e     queue.obj (.text:OSCleanQueue)
                  00009fa4    0000003e     drivers.obj (.text:init_UART)
                  00009fe2    00000030     debug_stack.obj (.text:Update_OSTrace)
                  0000a012    0000002c     HAL.obj (.text:TickTimerSetup)
                  0000a03e    0000002c     rts430.lib : asr16.obj (.text)
                  0000a06a    0000002c                : div16s.obj (.text)
                  0000a096    0000002c                : lsl16.obj (.text)
                  0000a0c2    0000002a     OS_RTC.obj (.text:OSResetDate)
                  0000a0ec    0000002a     OS_RTC.obj (.text:OSResetTime)
                  0000a116    00000026     rts430.lib : boot.obj (.text:_c_int00_noexit)
                  0000a13c    00000026                : mult32.obj (.text)
                  0000a162    00000022     drivers.obj (.text:Serial_Envia_Frase)
                  0000a184    0000001e     BRTOS.obj (.text:TaskStartScheduler)
                  0000a1a2    00000018     HAL.obj (.text:Idle)
                  0000a1ba    00000016     OS_RTC.obj (.text:OSUpDate)
                  0000a1d0    00000016     tasks.obj (.text:Task_1)
                  0000a1e6    00000016     tasks.obj (.text:Task_2)
                  0000a1fc    00000016     rts430.lib : div16u.obj (.text)
                  0000a212    00000014     drivers.obj (.text:Serial_Envia_Caracter)
                  0000a226    00000014     rts430.lib : mult16.obj (.text)
                  0000a23a    00000012     OS_RTC.obj (.text:OSUptime)
                  0000a24c    00000012     rts430.lib : memcpy.obj (.text:memcpy)
                  0000a25e    00000010                : epilog.obj (.text)
                  0000a26e    0000000e     BRTOS.obj (.text:BRTOS_Init)
                  0000a27c    0000000a     drivers.obj (.text:acquireUART)
                  0000a286    0000000a     drivers.obj (.text:releaseUART)
                  0000a290    00000004     rts430.lib : pre_init.obj (.text:_system_pre_init)
                  0000a294    00000004                : exit.obj (.text:abort)
                  0000a298    00000002     debug_stack.obj (.text:Reason_of_Reset)
                  0000a29a    00000002     rts430.lib : _lock.obj (.text:_nop)

.const     0    0000a29c    00000148     
                  0000a29c    000000ce     debug_stack.obj (.const:.string)
                  0000a36a    0000004a     main.obj (.const:.string)
                  0000a3b4    00000020     BRTOS.obj (.const:PriorityMask)
                  0000a3d4    00000010     BRTOS.obj (.const:.string)

.cinit     0    0000a3e4    00000056     
                  0000a3e4    0000004d     BRTOS.obj (.cinit)
                  0000a431    00000001     --HOLE-- [fill = 0]
                  0000a432    00000005     HAL.obj (.cinit)
                  0000a437    00000001     --HOLE-- [fill = 0]
                  0000a438    00000002     (.pad.cinit) [fill = 0]

.int07     0    0000ffee    00000002     
                  0000ffee    00000002     drivers.obj (.int07)

.int09     0    0000fff2    00000002     
                  0000fff2    00000002     BRTOS.obj (.int09)

.reset     0    0000fffe    00000002     
                  0000fffe    00000002     rts430.lib : boot.obj (.reset)


GLOBAL SYMBOLS: SORTED ALPHABETICALLY BY Name 

address    name
--------   ----
00000200   .bss
00008000   .text
0000004a   ADC10AE0
0000004b   ADC10AE1
000001b0   ADC10CTL0
000001b2   ADC10CTL1
00000048   ADC10DTC0
00000049   ADC10DTC1
000001b4   ADC10MEM
000001bc   ADC10SA
00000057   BCSCTL1
00000058   BCSCTL2
00000053   BCSCTL3
0000a26e   BRTOS_Init
00000566   BRTOS_Mbox_Table
00000546   BRTOS_Mutex_Table
0000056e   BRTOS_Queue_Table
0000052e   BRTOS_Sem_Table
0000a294   C$$EXIT
000010fb   CALBC1_12MHZ
000010f9   CALBC1_16MHZ
000010ff   CALBC1_1MHZ
000010fd   CALBC1_8MHZ
000010fa   CALDCO_12MHZ
000010f8   CALDCO_16MHZ
000010fe   CALDCO_1MHZ
000010fc   CALDCO_8MHZ
00000468   ContextTask
00000056   DCOCTL
000005c6   Data
00009a5e   DelayTask
00000522   DutyCnt
00000128   FCTL1
0000012a   FCTL2
0000012c   FCTL3
0000052c   Head
000005c2   Hora
00000000   IE1
00000001   IE2
00000002   IFG1
00000003   IFG2
0000a03e   I_ASR
0000a066   I_ASR_1
0000a054   I_ASR_10
0000a052   I_ASR_11
0000a050   I_ASR_12
0000a04e   I_ASR_13
0000a04c   I_ASR_14
0000a04a   I_ASR_15
0000a064   I_ASR_2
0000a062   I_ASR_3
0000a060   I_ASR_4
0000a05e   I_ASR_5
0000a05c   I_ASR_6
0000a05a   I_ASR_7
0000a058   I_ASR_8
0000a056   I_ASR_9
0000a096   I_LSL
0000a0be   I_LSL_1
0000a0ac   I_LSL_10
0000a0aa   I_LSL_11
0000a0a8   I_LSL_12
0000a0a6   I_LSL_13
0000a0a4   I_LSL_14
0000a0a2   I_LSL_15
0000a0bc   I_LSL_2
0000a0ba   I_LSL_3
0000a0b8   I_LSL_4
0000a0b6   I_LSL_5
0000a0b4   I_LSL_6
0000a0b2   I_LSL_7
0000a0b0   I_LSL_8
0000a0ae   I_LSL_9
0000a1a2   Idle
00008570   InstallIdle
00008000   InstallTask
00009d56   L_LSR_1
00009d20   L_LSR_10
00009d1a   L_LSR_11
00009d14   L_LSR_12
00009d0e   L_LSR_13
00009d08   L_LSR_14
00009d02   L_LSR_15
00009d50   L_LSR_2
00009d4a   L_LSR_3
00009d44   L_LSR_4
00009d3e   L_LSR_5
00009d38   L_LSR_6
00009d32   L_LSR_7
00009d2c   L_LSR_8
00009d26   L_LSR_9
00000520   LastOSDuty
00000510   NumberOfInstalledTasks
000000c0   OA0CTL0
000000c1   OA0CTL1
000000c2   OA1CTL0
000000c3   OA1CTL1
00000514   OSBlockedList
00009f66   OSCleanQueue
00000518   OSDuty
0000051c   OSDutyTmp
00008fd6   OSMutexAcquire
000096b4   OSMutexCreate
000093fe   OSMutexRelease
0000911c   OSQueueCreate
000087a2   OSQueuePend
000095d0   OSQueuePost
00000512   OSReadyList
0000a0c2   OSResetDate
0000a0ec   OSResetTime
00009e08   OSSchedule
000099b4   OSSemCreate
00008b62   OSSemPend
00009b06   OSSemPost
00009782   OSTimerWakeUp
0000a1ba   OSUpDate
00009ca2   OSUpdateUptime
0000a23a   OSUptime
00000022   P1DIR
00000025   P1IE
00000024   P1IES
00000023   P1IFG
00000020   P1IN
00000021   P1OUT
00000027   P1REN
00000026   P1SEL
0000002a   P2DIR
0000002d   P2IE
0000002c   P2IES
0000002b   P2IFG
00000028   P2IN
00000029   P2OUT
0000002f   P2REN
0000002e   P2SEL
0000001a   P3DIR
00000018   P3IN
00000019   P3OUT
00000010   P3REN
0000001b   P3SEL
0000001e   P4DIR
0000001c   P4IN
0000001d   P4OUT
00000011   P4REN
0000001f   P4SEL
00009e56   PreInstallTasks
0000a3b4   PriorityMask
00000432   PriorityVector
00000444   QUEUE_STACK
0000a298   Reason_of_Reset
00009218   SAScheduler
000005b0   SEMTESTE
000005cc   SPvalue
00000202   STACK
000089a2   Send_OSTrace
000005b2   Serial
000005b4   SerialPortBuffer
000005ca   SerialResource
0000a212   Serial_Envia_Caracter
0000a162   Serial_Envia_Frase
00000466   StackAddress
00009db6   SwitchContext
00009ee6   System_Time
00000172   TACCR0
00000174   TACCR1
00000176   TACCR2
00000162   TACCTL0
00000164   TACCTL1
00000166   TACCTL2
00000160   TACTL
0000012e   TAIV
00000170   TAR
00000192   TBCCR0
00000194   TBCCR1
00000196   TBCCR2
00000182   TBCCTL0
00000184   TBCCTL1
00000186   TBCCTL2
00000180   TBCTL
0000011e   TBIV
00000190   TBR
0000052a   Tail
00000524   TaskAlloc
0000a184   TaskStartScheduler
0000a1d0   Task_1
0000a1e6   Task_2
00009310   Task_Serial
00009904   TickTimer
0000a012   TickTimerSetup
000094e8   Transmite_CPU_Load
00008cf4   Transmite_RAM_Ocupada
00008302   Transmite_Task_Stacks
00008e72   Transmite_Uptime
0000005d   UCA0ABCTL
00000062   UCA0BR0
00000063   UCA0BR1
00000060   UCA0CTL0
00000061   UCA0CTL1
0000005f   UCA0IRRCTL
0000005e   UCA0IRTCTL
00000064   UCA0MCTL
00000066   UCA0RXBUF
00000065   UCA0STAT
00000067   UCA0TXBUF
0000006a   UCB0BR0
0000006b   UCB0BR1
00000068   UCB0CTL0
00000069   UCB0CTL1
0000006c   UCB0I2CIE
00000118   UCB0I2COA
0000011a   UCB0I2CSA
0000006e   UCB0RXBUF
0000006d   UCB0STAT
0000006f   UCB0TXBUF
00009c38   USCI0RX_ISR
00009fe2   Update_OSTrace
00000120   WDTCTL
00000600   __STACK_END
00000028   __STACK_SIZE
00000001   __TI_args_main
00000001   __TI_auto_init
00000001   __TI_exit
ffffffff   __binit__
00000200   __bss__
ffffffff   __c_args__
0000a3e4   __cinit__
0000a06a   __divi
0000a1fc   __divu
00009d5e   __divul
000005d8   __end__
0000a29c   __etext__
0000a226   __mpyi
0000a13c   __mpyl
ffffffff   __pinit__
0000a06a   __remi
0000a1fc   __remu
00009d5e   __remul
00008000   __text__
00009ea0   _auto_init
0000a116   _c_int00
0000a116   _c_int00_noexit
000005d4   _cleanup_ptr
000005d6   _dtors_ptr
000005d0   _lock
0000a29a   _nop
0000fffe   _reset_vector
000005d8   _stack
0000a290   _system_pre_init
000005d2   _unlock
0000a294   abort
0000a27c   acquireUART
ffffffff   binit
0000a3e4   cinit
00000516   counter
00000511   currentTask
000005d8   end
0000a29c   etext
000005af   flag_load
0000a26a   func_epilog_1
0000a268   func_epilog_2
0000a266   func_epilog_3
0000a264   func_epilog_4
0000a262   func_epilog_5
0000a260   func_epilog_6
0000a25e   func_epilog_7
00000528   iNesting
00000464   iQueueAddress
00000442   iStackAddress
00009ba8   initEvents
00009fa4   init_UART
00009848   main
00009f26   mcu_init
0000a24c   memcpy
ffffffff   pinit
000005ce   receive_byte
0000a286   releaseUART
00000200   version


GLOBAL SYMBOLS: SORTED BY Symbol Address 

address    name
--------   ----
00000000   IE1
00000001   IE2
00000001   __TI_args_main
00000001   __TI_auto_init
00000001   __TI_exit
00000002   IFG1
00000003   IFG2
00000010   P3REN
00000011   P4REN
00000018   P3IN
00000019   P3OUT
0000001a   P3DIR
0000001b   P3SEL
0000001c   P4IN
0000001d   P4OUT
0000001e   P4DIR
0000001f   P4SEL
00000020   P1IN
00000021   P1OUT
00000022   P1DIR
00000023   P1IFG
00000024   P1IES
00000025   P1IE
00000026   P1SEL
00000027   P1REN
00000028   P2IN
00000028   __STACK_SIZE
00000029   P2OUT
0000002a   P2DIR
0000002b   P2IFG
0000002c   P2IES
0000002d   P2IE
0000002e   P2SEL
0000002f   P2REN
00000048   ADC10DTC0
00000049   ADC10DTC1
0000004a   ADC10AE0
0000004b   ADC10AE1
00000053   BCSCTL3
00000056   DCOCTL
00000057   BCSCTL1
00000058   BCSCTL2
0000005d   UCA0ABCTL
0000005e   UCA0IRTCTL
0000005f   UCA0IRRCTL
00000060   UCA0CTL0
00000061   UCA0CTL1
00000062   UCA0BR0
00000063   UCA0BR1
00000064   UCA0MCTL
00000065   UCA0STAT
00000066   UCA0RXBUF
00000067   UCA0TXBUF
00000068   UCB0CTL0
00000069   UCB0CTL1
0000006a   UCB0BR0
0000006b   UCB0BR1
0000006c   UCB0I2CIE
0000006d   UCB0STAT
0000006e   UCB0RXBUF
0000006f   UCB0TXBUF
000000c0   OA0CTL0
000000c1   OA0CTL1
000000c2   OA1CTL0
000000c3   OA1CTL1
00000118   UCB0I2COA
0000011a   UCB0I2CSA
0000011e   TBIV
00000120   WDTCTL
00000128   FCTL1
0000012a   FCTL2
0000012c   FCTL3
0000012e   TAIV
00000160   TACTL
00000162   TACCTL0
00000164   TACCTL1
00000166   TACCTL2
00000170   TAR
00000172   TACCR0
00000174   TACCR1
00000176   TACCR2
00000180   TBCTL
00000182   TBCCTL0
00000184   TBCCTL1
00000186   TBCCTL2
00000190   TBR
00000192   TBCCR0
00000194   TBCCR1
00000196   TBCCR2
000001b0   ADC10CTL0
000001b2   ADC10CTL1
000001b4   ADC10MEM
000001bc   ADC10SA
00000200   .bss
00000200   __bss__
00000200   version
00000202   STACK
00000432   PriorityVector
00000442   iStackAddress
00000444   QUEUE_STACK
00000464   iQueueAddress
00000466   StackAddress
00000468   ContextTask
00000510   NumberOfInstalledTasks
00000511   currentTask
00000512   OSReadyList
00000514   OSBlockedList
00000516   counter
00000518   OSDuty
0000051c   OSDutyTmp
00000520   LastOSDuty
00000522   DutyCnt
00000524   TaskAlloc
00000528   iNesting
0000052a   Tail
0000052c   Head
0000052e   BRTOS_Sem_Table
00000546   BRTOS_Mutex_Table
00000566   BRTOS_Mbox_Table
0000056e   BRTOS_Queue_Table
000005af   flag_load
000005b0   SEMTESTE
000005b2   Serial
000005b4   SerialPortBuffer
000005c2   Hora
000005c6   Data
000005ca   SerialResource
000005cc   SPvalue
000005ce   receive_byte
000005d0   _lock
000005d2   _unlock
000005d4   _cleanup_ptr
000005d6   _dtors_ptr
000005d8   __end__
000005d8   _stack
000005d8   end
00000600   __STACK_END
000010f8   CALDCO_16MHZ
000010f9   CALBC1_16MHZ
000010fa   CALDCO_12MHZ
000010fb   CALBC1_12MHZ
000010fc   CALDCO_8MHZ
000010fd   CALBC1_8MHZ
000010fe   CALDCO_1MHZ
000010ff   CALBC1_1MHZ
00008000   .text
00008000   InstallTask
00008000   __text__
00008302   Transmite_Task_Stacks
00008570   InstallIdle
000087a2   OSQueuePend
000089a2   Send_OSTrace
00008b62   OSSemPend
00008cf4   Transmite_RAM_Ocupada
00008e72   Transmite_Uptime
00008fd6   OSMutexAcquire
0000911c   OSQueueCreate
00009218   SAScheduler
00009310   Task_Serial
000093fe   OSMutexRelease
000094e8   Transmite_CPU_Load
000095d0   OSQueuePost
000096b4   OSMutexCreate
00009782   OSTimerWakeUp
00009848   main
00009904   TickTimer
000099b4   OSSemCreate
00009a5e   DelayTask
00009b06   OSSemPost
00009ba8   initEvents
00009c38   USCI0RX_ISR
00009ca2   OSUpdateUptime
00009d02   L_LSR_15
00009d08   L_LSR_14
00009d0e   L_LSR_13
00009d14   L_LSR_12
00009d1a   L_LSR_11
00009d20   L_LSR_10
00009d26   L_LSR_9
00009d2c   L_LSR_8
00009d32   L_LSR_7
00009d38   L_LSR_6
00009d3e   L_LSR_5
00009d44   L_LSR_4
00009d4a   L_LSR_3
00009d50   L_LSR_2
00009d56   L_LSR_1
00009d5e   __divul
00009d5e   __remul
00009db6   SwitchContext
00009e08   OSSchedule
00009e56   PreInstallTasks
00009ea0   _auto_init
00009ee6   System_Time
00009f26   mcu_init
00009f66   OSCleanQueue
00009fa4   init_UART
00009fe2   Update_OSTrace
0000a012   TickTimerSetup
0000a03e   I_ASR
0000a04a   I_ASR_15
0000a04c   I_ASR_14
0000a04e   I_ASR_13
0000a050   I_ASR_12
0000a052   I_ASR_11
0000a054   I_ASR_10
0000a056   I_ASR_9
0000a058   I_ASR_8
0000a05a   I_ASR_7
0000a05c   I_ASR_6
0000a05e   I_ASR_5
0000a060   I_ASR_4
0000a062   I_ASR_3
0000a064   I_ASR_2
0000a066   I_ASR_1
0000a06a   __divi
0000a06a   __remi
0000a096   I_LSL
0000a0a2   I_LSL_15
0000a0a4   I_LSL_14
0000a0a6   I_LSL_13
0000a0a8   I_LSL_12
0000a0aa   I_LSL_11
0000a0ac   I_LSL_10
0000a0ae   I_LSL_9
0000a0b0   I_LSL_8
0000a0b2   I_LSL_7
0000a0b4   I_LSL_6
0000a0b6   I_LSL_5
0000a0b8   I_LSL_4
0000a0ba   I_LSL_3
0000a0bc   I_LSL_2
0000a0be   I_LSL_1
0000a0c2   OSResetDate
0000a0ec   OSResetTime
0000a116   _c_int00
0000a116   _c_int00_noexit
0000a13c   __mpyl
0000a162   Serial_Envia_Frase
0000a184   TaskStartScheduler
0000a1a2   Idle
0000a1ba   OSUpDate
0000a1d0   Task_1
0000a1e6   Task_2
0000a1fc   __divu
0000a1fc   __remu
0000a212   Serial_Envia_Caracter
0000a226   __mpyi
0000a23a   OSUptime
0000a24c   memcpy
0000a25e   func_epilog_7
0000a260   func_epilog_6
0000a262   func_epilog_5
0000a264   func_epilog_4
0000a266   func_epilog_3
0000a268   func_epilog_2
0000a26a   func_epilog_1
0000a26e   BRTOS_Init
0000a27c   acquireUART
0000a286   releaseUART
0000a290   _system_pre_init
0000a294   C$$EXIT
0000a294   abort
0000a298   Reason_of_Reset
0000a29a   _nop
0000a29c   __etext__
0000a29c   etext
0000a3b4   PriorityMask
0000a3e4   __cinit__
0000a3e4   cinit
0000fffe   _reset_vector
ffffffff   __binit__
ffffffff   __c_args__
ffffffff   __pinit__
ffffffff   binit
ffffffff   pinit

[276 symbols]
